// Jest Snapshot v1, https://goo.gl/fbAQLP

exports[`Given a ConfirmationPage component when the component is rendered should match the snapshot 1`] = `
<Master
  title="Confirmation"
>
  <Cartstyled__CartTable>
    <thead>
      <tr>
        <th>
          Image
        </th>
        <th>
          Product name
        </th>
        <th>
          Price
        </th>
        <th>
          Quantity
        </th>
        <th>
          total
        </th>
      </tr>
    </thead>
    <tbody />
  </Cartstyled__CartTable>
  TOTAL: 500
  <div
    data-name="user-info-name"
  />
  <div
    data-name="user-info-email"
  />
  <div
    data-name="user-info-age"
  />
</Master>
`;
